// Jest Snapshot v1, https://goo.gl/fbAQLP

exports[`MyComponent Test render correctly text component 1`] = `ShallowWrapper {}`;
